#
# A fatal error has been detected by the Java Runtime Environment:
#
#  EXCEPTION_ACCESS_VIOLATION (0xc0000005) at pc=0x00007ffacf4380e3, pid=2276, tid=31824
#
# JRE version:  (11.0.14.1+1) (build )
# Java VM: OpenJDK 64-Bit Server VM (11.0.14.1+1, mixed mode, sharing, tiered, compressed oops, g1 gc, windows-amd64)
# Problematic frame:
# V  [jvm.dll+0x1d80e3]
#
# No core dump will be written. Minidumps are not enabled by default on client versions of Windows
#
#

---------------  S U M M A R Y ------------

Command Line: 

Host: Intel(R) Core(TM) Ultra 9 275HX, 24 cores, 31G,  Windows 11 , 64 bit Build 26100 (10.0.26100.8521)
Time: Thu Jul  2 10:56:27 2026 中国标准时间 elapsed time: 0.007742 seconds (0d 0h 0m 0s)

---------------  T H R E A D  ---------------

Current thread (0x000001a73169f000):  JavaThread "Unknown thread" [_thread_in_vm, id=31824, stack(0x0000003a9ef00000,0x0000003a9f000000)]

Stack: [0x0000003a9ef00000,0x0000003a9f000000],  sp=0x0000003a9effea80,  free space=1018k
Native frames: (J=compiled Java code, j=interpreted, Vv=VM code, C=native code)
V  [jvm.dll+0x1d80e3]
V  [jvm.dll+0x1d6213]
V  [jvm.dll+0x35f45b]
V  [jvm.dll+0x767aa0]
V  [jvm.dll+0x3ccf1f]
V  [jvm.dll+0x3cf2b1]
C  [jli.dll+0x5207]
C  [ucrtbase.dll+0x2cd30]
C  [KERNEL32.DLL+0x2e957]
C  [ntdll.dll+0x87c1c]


siginfo: EXCEPTION_ACCESS_VIOLATION (0xc0000005), reading address 0x0000000000000000


Registers:
RAX=0x0000cf0ffcd8e805, RBX=0x0000000000000000, RCX=0x0000000000000000, RDX=0x00007ffc1b05cfe0
RSP=0x0000003a9effea80, RBP=0x0000000000000000, RSI=0x000001a73169f000, RDI=0x0000000000000000
R8 =0x0000000000000000, R9 =0x0000000000000000, R10=0x0000000000000000, R11=0x0000000000000000
R12=0x0000000000000000, R13=0x00007ffacf828260, R14=0x000001a72f2675f8, R15=0x0000003a9efff7c8
RIP=0x00007ffacf4380e3, EFLAGS=0x0000000000010256

Top of Stack: (sp=0x0000003a9effea80)
0x0000003a9effea80:   000001a700001fff 000001a72f2823a0
0x0000003a9effea90:   0000003a9efff7c8 0000000000000400
0x0000003a9effeaa0:   00001e9d22ddc528 0000000000000400
0x0000003a9effeab0:   00007ffc1b050000 00007ffacf4360ba
0x0000003a9effeac0:   00007ffacf828260 0000000000000000
0x0000003a9effead0:   00007ffacfaf8648 00007ffc1b050000
0x0000003a9effeae0:   0000000000000003 00007ffc44f233ec
0x0000003a9effeaf0:   0000000000000000 00007ffacf877db8
0x0000003a9effeb00:   0000000000000000 00007ffacfb5ee70
0x0000003a9effeb10:   0000003a00000000 00007ffacf4360ba
0x0000003a9effeb20:   0000cf0ffcd8e805 00007ffacfaf8648
0x0000003a9effeb30:   0000003a9efff7c8 00007ffacf828260
0x0000003a9effeb40:   000001a73169f000 0000003a9effec60
0x0000003a9effeb50:   0000000000000000 00007ffacf436213
0x0000003a9effeb60:   000001a72f2675f8 00007ffc1b05cfe0
0x0000003a9effeb70:   0000000000000000 0000000000000000 

Instructions: (pc=0x00007ffacf4380e3)
0x00007ffacf437fe3:   f0 ff 15 b6 88 60 00 48 8b cb 41 b1 01 48 2b 8c
0x00007ffacf437ff3:   24 90 00 00 00 45 33 c0 33 d2 c6 04 31 00 48 8b
0x00007ffacf438003:   ce e8 b7 0b 00 00 42 80 3c 33 3b 4a 8d 3c 33 75
0x00007ffacf438013:   1c 0f 1f 40 00 0f 1f 84 00 00 00 00 00 48 ff c3
0x00007ffacf438023:   ff c5 42 80 3c 33 3b 4a 8d 3c 33 74 f0 49 83 3c
0x00007ffacf438033:   24 00 74 18 48 8b 94 24 98 00 00 00 49 8b cf e8
0x00007ffacf438043:   19 ae ee ff 49 8b cc e8 81 ad ee ff 48 8b 44 24
0x00007ffacf438053:   20 48 8d 4c 24 30 49 89 47 18 48 8b 44 24 28 49
0x00007ffacf438063:   89 47 20 4d 89 67 10 e8 a1 5d 0f 00 44 8b ed 48
0x00007ffacf438073:   89 9c 24 90 00 00 00 48 3b 5c 24 38 0f 8c cd fe
0x00007ffacf438083:   ff ff 4c 8b 7c 24 40 4c 8b 64 24 48 48 8b 7c 24
0x00007ffacf438093:   50 48 8b 74 24 58 48 8b 9c 24 80 00 00 00 48 83
0x00007ffacf4380a3:   c4 60 41 5e 41 5d 5d c3 cc cc cc cc cc 40 53 55
0x00007ffacf4380b3:   56 41 55 48 81 ec b8 00 00 00 48 8b 05 84 ff 89
0x00007ffacf4380c3:   00 48 33 c4 48 89 84 24 a0 00 00 00 48 8b e9 48
0x00007ffacf4380d3:   c7 c3 ff ff ff ff 0f 1f 80 00 00 00 00 48 ff c3
0x00007ffacf4380e3:   80 3c 0b 00 75 f7 33 f6 c6 44 24 30 01 40 38 35
0x00007ffacf4380f3:   54 30 8d 00 74 17 40 38 35 31 96 8c 00 75 0e 33
0x00007ffacf438103:   d2 48 8d 0d 65 03 6c 00 e8 c0 2c 1a 00 45 33 ed
0x00007ffacf438113:   85 db 0f 8e 11 02 00 00 48 89 bc 24 e8 00 00 00
0x00007ffacf438123:   48 8b fd 4c 89 a4 24 f0 00 00 00 48 63 c3 33 db
0x00007ffacf438133:   4c 89 b4 24 f8 00 00 00 4c 89 bc 24 b0 00 00 00
0x00007ffacf438143:   48 89 44 24 68 48 89 74 24 40 0f 1f 00 0f b6 07
0x00007ffacf438153:   84 c0 74 12 3c 3b 74 0e 0f b6 44 2b 01 48 ff c3
0x00007ffacf438163:   ff c6 84 c0 75 ee 48 8d 54 24 38 48 c7 44 24 38
0x00007ffacf438173:   00 00 00 00 48 8d 4c 24 60 e8 0f 5c 0f 00 48 8b
0x00007ffacf438183:   44 24 38 33 d2 4c 8b b0 78 02 00 00 49 8b 46 18
0x00007ffacf438193:   4d 8b 66 10 48 89 44 24 50 49 8b 46 20 48 89 44
0x00007ffacf4381a3:   24 58 49 8b 46 28 48 89 44 24 48 8b c6 41 2b c5
0x00007ffacf4381b3:   48 63 f8 48 8d 4f 01 e8 71 3b 4a 00 49 63 d5 4c
0x00007ffacf4381c3:   8b c7 48 03 d5 48 8b c8 4c 8b f8 ff 15 cc 86 60
0x00007ffacf4381d3:   00 48 8b cb 48 2b 4c 24 40 80 7c 24 30 00 42 c6 



---------------  P R O C E S S  ---------------

Threads class SMR info:
_java_thread_list=0x000001a72f2674c0, length=0, elements={
}

Java Threads: ( => current thread )

Other Threads:

=>0x000001a73169f000 (exited) JavaThread "Unknown thread" [_thread_in_vm, id=31824, stack(0x0000003a9ef00000,0x0000003a9f000000)]

Threads with active compile tasks:

VM state:not at safepoint (not fully initialized)

VM Mutex/Monitor currently owned by a thread: None


[error occurred during error reporting (printing compressed oops mode), id 0xc0000005, EXCEPTION_ACCESS_VIOLATION (0xc0000005) at pc=0x00007ffacf9e58d7]

Deoptimization events (0 events):
No events

Classes redefined (0 events):
No events

Internal exceptions (0 events):
No events

Events (1 events):
Event: 0.005 Loaded shared library D:\Unity\UnityEditor\2023.2.20f1c1\Editor\Data\PlaybackEngines\AndroidPlayer\OpenJDK\bin\zip.dll


Dynamic libraries:
0x00007ff7741c0000 - 0x00007ff7741cd000 	D:\Unity\UnityEditor\2023.2.20f1c1\Editor\Data\PlaybackEngines\AndroidPlayer\OpenJDK\bin\java.exe
0x00007ffc47920000 - 0x00007ffc47b86000 	C:\Windows\SYSTEM32\ntdll.dll
0x00007ffc47280000 - 0x00007ffc47349000 	C:\Windows\System32\KERNEL32.DLL
0x00007ffc44e70000 - 0x00007ffc4526a000 	C:\Windows\System32\KERNELBASE.dll
0x00007ffc45540000 - 0x00007ffc4568c000 	C:\Windows\System32\ucrtbase.dll
0x00007ffc1c100000 - 0x00007ffc1c117000 	D:\Unity\UnityEditor\2023.2.20f1c1\Editor\Data\PlaybackEngines\AndroidPlayer\OpenJDK\bin\jli.dll
0x00007ffc1c0e0000 - 0x00007ffc1c0f5000 	D:\Unity\UnityEditor\2023.2.20f1c1\Editor\Data\PlaybackEngines\AndroidPlayer\OpenJDK\bin\VCRUNTIME140.dll
0x00007ffc46c20000 - 0x00007ffc46de7000 	C:\Windows\System32\USER32.dll
0x00007ffc44c60000 - 0x00007ffc44c87000 	C:\Windows\System32\win32u.dll
0x00007ffc45740000 - 0x00007ffc4576b000 	C:\Windows\System32\GDI32.dll
0x00007ffc26f20000 - 0x00007ffc271b2000 	C:\Windows\WinSxS\amd64_microsoft.windows.common-controls_6595b64144ccf1df_6.0.26100.8521_none_3e08b75ce33403b3\COMCTL32.dll
0x00007ffc44c90000 - 0x00007ffc44dbb000 	C:\Windows\System32\gdi32full.dll
0x00007ffc44bb0000 - 0x00007ffc44c53000 	C:\Windows\System32\msvcp_win.dll
0x00007ffc46990000 - 0x00007ffc46a39000 	C:\Windows\System32\msvcrt.dll
0x00007ffc456f0000 - 0x00007ffc45722000 	C:\Windows\System32\IMM32.DLL
0x00007ffbfedf0000 - 0x00007ffbfee8b000 	D:\Unity\UnityEditor\2023.2.20f1c1\Editor\Data\PlaybackEngines\AndroidPlayer\OpenJDK\bin\msvcp140.dll
0x00007ffacf260000 - 0x00007ffacfde1000 	D:\Unity\UnityEditor\2023.2.20f1c1\Editor\Data\PlaybackEngines\AndroidPlayer\OpenJDK\bin\server\jvm.dll
0x00007ffc46b60000 - 0x00007ffc46c16000 	C:\Windows\System32\ADVAPI32.dll
0x00007ffc47410000 - 0x00007ffc474ba000 	C:\Windows\System32\sechost.dll
0x00007ffc46a40000 - 0x00007ffc46b58000 	C:\Windows\System32\RPCRT4.dll
0x00007ffc45dd0000 - 0x00007ffc45dd8000 	C:\Windows\System32\PSAPI.DLL
0x00007ffc1b020000 - 0x00007ffc1b02a000 	C:\Windows\SYSTEM32\WSOCK32.dll
0x00007ffc45de0000 - 0x00007ffc45e60000 	C:\Windows\System32\WS2_32.dll
0x00007ffc3bb20000 - 0x00007ffc3bb2b000 	C:\Windows\SYSTEM32\VERSION.dll
0x00007ffc41180000 - 0x00007ffc411b6000 	C:\Windows\SYSTEM32\WINMM.dll
0x00007ffc43900000 - 0x00007ffc4391b000 	C:\Windows\SYSTEM32\kernel.appcore.dll
0x00007ffc2c060000 - 0x00007ffc2c070000 	D:\Unity\UnityEditor\2023.2.20f1c1\Editor\Data\PlaybackEngines\AndroidPlayer\OpenJDK\bin\verify.dll
0x00007ffc42170000 - 0x00007ffc423b2000 	C:\Windows\SYSTEM32\DBGHELP.DLL
0x00007ffc45820000 - 0x00007ffc45ba3000 	C:\Windows\System32\combase.dll
0x00007ffc46650000 - 0x00007ffc46729000 	C:\Windows\System32\OLEAUT32.dll
0x00007ffc11960000 - 0x00007ffc1199b000 	C:\Windows\SYSTEM32\dbgcore.DLL
0x00007ffc44dc0000 - 0x00007ffc44e68000 	C:\Windows\System32\bcryptPrimitives.dll
0x00007ffc1b050000 - 0x00007ffc1b078000 	D:\Unity\UnityEditor\2023.2.20f1c1\Editor\Data\PlaybackEngines\AndroidPlayer\OpenJDK\bin\java.dll
0x00007ffc286c0000 - 0x00007ffc286ca000 	D:\Unity\UnityEditor\2023.2.20f1c1\Editor\Data\PlaybackEngines\AndroidPlayer\OpenJDK\bin\jimage.dll
0x00007ffc1c0c0000 - 0x00007ffc1c0d8000 	D:\Unity\UnityEditor\2023.2.20f1c1\Editor\Data\PlaybackEngines\AndroidPlayer\OpenJDK\bin\zip.dll

dbghelp: loaded successfully - version: 4.0.5 - missing functions: none
symbol engine: initialized successfully - sym options: 0x614 - pdb path: .;D:\Unity\UnityEditor\2023.2.20f1c1\Editor\Data\PlaybackEngines\AndroidPlayer\OpenJDK\bin;C:\Windows\SYSTEM32;C:\Windows\WinSxS\amd64_microsoft.windows.common-controls_6595b64144ccf1df_6.0.26100.8521_none_3e08b75ce33403b3;D:\Unity\UnityEditor\2023.2.20f1c1\Editor\Data\PlaybackEngines\AndroidPlayer\OpenJDK\bin\server

VM Arguments:
java_command: <unknown>
java_class_path (initial): <not set>
Launcher Type: SUN_STANDARD

[Global flags]
     uint G1ConcRefinementThreads                  = 18                                        {product} {ergonomic}
    uintx GCDrainStackTargetSize                   = 64                                        {product} {ergonomic}
   size_t InitialHeapSize                          = 527390592                                 {product} {ergonomic}
   size_t MaxHeapSize                              = 8438249472                                {product} {ergonomic}
    uintx ReservedCodeCacheSize                    = 251658240                              {pd product} {ergonomic}
     bool SegmentedCodeCache                       = true                                      {product} {ergonomic}
     bool UseCompressedClassPointers               = true                                 {lp64_product} {ergonomic}
     bool UseCompressedOops                        = true                                 {lp64_product} {ergonomic}
     bool UseG1GC                                  = true                                      {product} {ergonomic}
     bool UseLargePagesIndividualAllocation        = false                                  {pd product} {ergonomic}

Logging:
Log output configuration:
 #0: stdout all=warning uptime,level,tags
 #1: stderr all=off uptime,level,tags

Environment Variables:
PATH=C:\Program Files\NVIDIA GPU Computing Toolkit\CUDA\v13.1\bin\x64;C:\Program Files\NVIDIA GPU Computing Toolkit\CUDA\v13.1\bin;C:\Program Files (x86)\Common Files\Intel\Shared Libraries\redist\intel64\compiler;C:\Windows\system32;C:\Windows;C:\Windows\System32\Wbem;C:\Windows\System32\WindowsPowerShell\v1.0;C:\Windows\System32\OpenSSH;C:\Program Files\NVIDIA Corporation\NVIDIA app\NvDLISR;C:\Program Files\dotnet;C:\Program Files (x86)\NVIDIA Corporation\PhysX\Common;C:\Program Files\NVIDIA Corporation\Nsight Compute 2025.4.0;C:\Program Files\Common Files\Autodesk Shared;C:\Users\Chongsu\AppData\Local\Microsoft\WindowsApps;C:\Users\Chongsu\.dotnet\tools;C:\WINDOWS;C:\WINDOWS\system32;C:\WINDOWS\System32\Wbem;C:\WINDOWS\System32\WindowsPowerShell\v1.0;C:\WINDOWS\System32\OpenSSH;C:\platform-tools;C:\Program Files\dotnet\;C:\Program Files (x86)\GtkSharp\2.12\bin;C:\Program Files\Docker\Docker\resources\bin;D:\Git\cmd;C:\Users\Chongsu\AppData\Local\Microsoft\WindowsApps;D:\JZDSLx\llm_location;C:\Users\Chongsu\.dotnet\tools;C:\Users\Chongsu\AppData\Local\Programs\Tuanjie Cowork;C:\Users\Chongsu\AppData\Local\Programs\Tuanjie Cowork\cli\bin\win32-x64
USERNAME=Chongsu
OS=Windows_NT
PROCESSOR_IDENTIFIER=Intel64 Family 6 Model 198 Stepping 2, GenuineIntel



---------------  S Y S T E M  ---------------

OS: Windows 11 , 64 bit Build 26100 (10.0.26100.8521)
OS uptime: 0 days 2:10 hours

CPU:total 24 (initial active 24) 

Memory: 4k page, system-wide physical 32189M (13082M free)
TotalPageFile size 69257M (AvailPageFile size 23757M)
current process WorkingSet (physical memory assigned to process): 10M, peak: 10M
current process commit charge ("private bytes"): 3M, peak: 3M

vm_info: OpenJDK 64-Bit Server VM (11.0.14.1+1) for windows-amd64 JRE (11.0.14.1+1), built on Feb  9 2022 01:48:27 by "" with unknown MS VC++:1916

END.
